// Jest Snapshot v1, https://goo.gl/fbAQLP

exports[`<TodoEdit /> Should render corectly 1`] = `
<input
  autoFocus={true}
  defaultValue="YYYY"
  onBlur={[MockFunction]}
  onChange={[Function]}
  onKeyDown={[Function]}
/>
`;
