// Jest Snapshot v1, https://goo.gl/fbAQLP

exports[`<TodoList /> Should render corectly 1`] = `
<div
  className="ToDo__list"
>
  <TodoItem
    content="one"
    id="1"
    isDone={false}
    key="0"
    onDelete={[Function]}
    onUpdate={[MockFunction]}
    onUpdateStatus={[MockFunction]}
  />
</div>
`;
